[    0.000000] Linux version 4.15.0-212-generic (buildd@lcy02-amd64-083) (gcc version 7.5.0 (Ubuntu 7.5.0-3ubuntu1~18.04)) #223-Ubuntu SMP Tue May 23 13:09:22 UTC 2023 (Ubuntu 4.15.0-212.223-generic 4.15.18)
[    0.000000] Command line: BOOT_IMAGE=/boot/vmlinuz-4.15.0-212-generic root=LABEL=cloudimg-rootfs ro console=tty1 console=ttyS0
[    0.000000] KERNEL supported cpus:
[    0.000000]   Intel GenuineIntel
[    0.000000]   AMD AuthenticAMD
[    0.000000]   Centaur CentaurHauls
[    0.000000] [Firmware Bug]: TSC doesn't count with P0 frequency!
[    0.000000] x86/fpu: Supporting XSAVE feature 0x001: 'x87 floating point registers'
[    0.000000] x86/fpu: Supporting XSAVE feature 0x002: 'SSE registers'
[    0.000000] x86/fpu: Supporting XSAVE feature 0x004: 'AVX registers'
[    0.000000] x86/fpu: xstate_offset[2]:  576, xstate_sizes[2]:  256
[    0.000000] x86/fpu: Enabled xstate features 0x7, context size is 832 bytes, using 'standard' format.
[    0.000000] e820: BIOS-provided physical RAM map:
[    0.000000] BIOS-e820: [mem 0x0000000000000000-0x000000000009fbff] usable
[    0.000000] BIOS-e820: [mem 0x000000000009fc00-0x000000000009ffff] reserved
[    0.000000] BIOS-e820: [mem 0x00000000000f0000-0x00000000000fffff] reserved
[    0.000000] BIOS-e820: [mem 0x0000000000100000-0x000000003ffeffff] usable
[    0.000000] BIOS-e820: [mem 0x000000003fff0000-0x000000003fffffff] ACPI data
[    0.000000] BIOS-e820: [mem 0x00000000fec00000-0x00000000fec00fff] reserved
[    0.000000] BIOS-e820: [mem 0x00000000fee00000-0x00000000fee00fff] reserved
[    0.000000] BIOS-e820: [mem 0x00000000fffc0000-0x00000000ffffffff] reserved
[    0.000000] NX (Execute Disable) protection: active
[    0.000000] SMBIOS 2.5 present.
[    0.000000] DMI: innotek GmbH VirtualBox/VirtualBox, BIOS VirtualBox 12/01/2006
[    0.000000] Hypervisor detected: KVM
[    0.000000] e820: last_pfn = 0x3fff0 max_arch_pfn = 0x400000000
[    0.000000] MTRR: Disabled
[    0.000000] x86/PAT: MTRRs disabled, skipping PAT initialization too.
[    0.000000] CPU MTRRs all blank - virtualized system.
[    0.000000] x86/PAT: Configuration [0-7]: WB  WT  UC- UC  WB  WT  UC- UC  
[    0.000000] found SMP MP-table at [mem 0x0009fff0-0x0009ffff]
[    0.000000] Scanning 1 areas for low memory corruption
[    0.000000] RAMDISK: [mem 0x359cb000-0x36cdcfff]
[    0.000000] ACPI: Early table checksum verification disabled
[    0.000000] ACPI: RSDP 0x00000000000E0000 000024 (v02 VBOX  )
[    0.000000] ACPI: XSDT 0x000000003FFF0030 00003C (v01 VBOX   VBOXXSDT 00000001 ASL  00000061)
[    0.000000] ACPI: FACP 0x000000003FFF00F0 0000F4 (v04 VBOX   VBOXFACP 00000001 ASL  00000061)
[    0.000000] ACPI: DSDT 0x000000003FFF0610 002353 (v02 VBOX   VBOXBIOS 00000002 INTL 20100528)
[    0.000000] ACPI: FACS 0x000000003FFF0200 000040
[    0.000000] ACPI: FACS 0x000000003FFF0200 000040
[    0.000000] ACPI: APIC 0x000000003FFF0240 00005C (v02 VBOX   VBOXAPIC 00000001 ASL  00000061)
[    0.000000] ACPI: SSDT 0x000000003FFF02A0 00036C (v01 VBOX   VBOXCPUT 00000002 INTL 20100528)
[    0.000000] ACPI: Reserving FACP table memory at [mem 0x3fff00f0-0x3fff01e3]
[    0.000000] ACPI: Reserving DSDT table memory at [mem 0x3fff0610-0x3fff2962]
[    0.000000] ACPI: Reserving FACS table memory at [mem 0x3fff0200-0x3fff023f]
[    0.000000] ACPI: Reserving FACS table memory at [mem 0x3fff0200-0x3fff023f]
[    0.000000] ACPI: Reserving APIC table memory at [mem 0x3fff0240-0x3fff029b]
[    0.000000] ACPI: Reserving SSDT table memory at [mem 0x3fff02a0-0x3fff060b]
[    0.000000] No NUMA configuration found
[    0.000000] Faking a node at [mem 0x0000000000000000-0x000000003ffeffff]
[    0.000000] NODE_DATA(0) allocated [mem 0x3ffc5000-0x3ffeffff]
[    0.000000] kvm-clock: cpu 0, msr 0:3ff44001, primary cpu clock
[    0.000000] kvm-clock: Using msrs 4b564d01 and 4b564d00
[    0.000000] kvm-clock: using sched offset of 3133598598 cycles
[    0.000000] clocksource: kvm-clock: mask: 0xffffffffffffffff max_cycles: 0x1cd42e4dffb, max_idle_ns: 881590591483 ns
[    0.000000] Zone ranges:
[    0.000000]   DMA      [mem 0x0000000000001000-0x0000000000ffffff]
[    0.000000]   DMA32    [mem 0x0000000001000000-0x000000003ffeffff]
[    0.000000]   Normal   empty
[    0.000000]   Device   empty
[    0.000000] Movable zone start for each node
[    0.000000] Early memory node ranges
[    0.000000]   node   0: [mem 0x0000000000001000-0x000000000009efff]
[    0.000000]   node   0: [mem 0x0000000000100000-0x000000003ffeffff]
[    0.000000] Reserved but unavailable: 104 pages
[    0.000000] Initmem setup node 0 [mem 0x0000000000001000-0x000000003ffeffff]
[    0.000000] ACPI: PM-Timer IO Port: 0x4008
[    0.000000] IOAPIC[0]: apic_id 2, version 32, address 0xfec00000, GSI 0-23
[    0.000000] ACPI: INT_SRC_OVR (bus 0 bus_irq 0 global_irq 2 dfl dfl)
[    0.000000] ACPI: INT_SRC_OVR (bus 0 bus_irq 9 global_irq 9 low level)
[    0.000000] Using ACPI (MADT) for SMP configuration information
[    0.000000] smpboot: Allowing 2 CPUs, 0 hotplug CPUs
[    0.000000] PM: Registered nosave memory: [mem 0x00000000-0x00000fff]
[    0.000000] PM: Registered nosave memory: [mem 0x0009f000-0x0009ffff]
[    0.000000] PM: Registered nosave memory: [mem 0x000a0000-0x000effff]
[    0.000000] PM: Registered nosave memory: [mem 0x000f0000-0x000fffff]
[    0.000000] e820: [mem 0x40000000-0xfebfffff] available for PCI devices
[    0.000000] Booting paravirtualized kernel on KVM
[    0.000000] clocksource: refined-jiffies: mask: 0xffffffff max_cycles: 0xffffffff, max_idle_ns: 7645519600211568 ns
[    0.000000] setup_percpu: NR_CPUS:8192 nr_cpumask_bits:2 nr_cpu_ids:2 nr_node_ids:1
[    0.000000] percpu: Embedded 50 pages/cpu s167936 r8192 d28672 u1048576
[    0.000000] PV qspinlock hash table entries: 256 (order: 0, 4096 bytes)
[    0.000000] Built 1 zonelists, mobility grouping on.  Total pages: 257913
[    0.000000] Policy zone: DMA32
[    0.000000] Kernel command line: BOOT_IMAGE=/boot/vmlinuz-4.15.0-212-generic root=LABEL=cloudimg-rootfs ro console=tty1 console=ttyS0
[    0.000000] Memory: 982644K/1048120K available (12300K kernel code, 2477K rwdata, 4324K rodata, 2480K init, 2720K bss, 65476K reserved, 0K cma-reserved)
[    0.000000] SLUB: HWalign=64, Order=0-3, MinObjects=0, CPUs=2, Nodes=1
[    0.000000] ftrace: allocating 39508 entries in 155 pages
[    0.004000] Hierarchical RCU implementation.
[    0.004000] 	RCU restricting CPUs from NR_CPUS=8192 to nr_cpu_ids=2.
[    0.004000] 	Tasks RCU enabled.
[    0.004000] RCU: Adjusting geometry for rcu_fanout_leaf=16, nr_cpu_ids=2
[    0.004000] NR_IRQS: 524544, nr_irqs: 440, preallocated irqs: 16
[    0.004000] random: crng init done
[    0.004000] Console: colour VGA+ 80x25
[    0.004000] console [tty1] enabled
[    0.004000] console [ttyS0] enabled
[    0.004000] ACPI: Core revision 20170831
[    0.004000] ACPI: 2 ACPI AML tables successfully acquired and loaded
[    0.004000] APIC: Switch to symmetric I/O mode setup
[    0.004000] x2apic enabled
[    0.004000] Switched APIC routing to physical x2apic.
[    0.004000] ..TIMER: vector=0x30 apic1=0 pin1=2 apic2=-1 pin2=-1
[    0.004000] tsc: Detected 3094.186 MHz processor
[    0.004000] Calibrating delay loop (skipped) preset value.. 6188.37 BogoMIPS (lpj=12376744)
[    0.004000] pid_max: default: 32768 minimum: 301
[    0.004000] Security Framework initialized
[    0.004000] Yama: becoming mindful.
[    0.004000] AppArmor: AppArmor initialized
[    0.004000] Dentry cache hash table entries: 131072 (order: 8, 1048576 bytes)
[    0.004000] Inode-cache hash table entries: 65536 (order: 7, 524288 bytes)
[    0.004000] Mount-cache hash table entries: 2048 (order: 2, 16384 bytes)
[    0.004000] Mountpoint-cache hash table entries: 2048 (order: 2, 16384 bytes)
[    0.004000] Last level iTLB entries: 4KB 1024, 2MB 1024, 4MB 512
[    0.004000] Last level dTLB entries: 4KB 1536, 2MB 1536, 4MB 768, 1GB 0
[    0.004000] Spectre V1 : Mitigation: usercopy/swapgs barriers and __user pointer sanitization
[    0.004000] Spectre V2 : Mitigation: Retpolines
[    0.004000] Spectre V2 : Spectre v2 / SpectreRSB mitigation: Filling RSB on context switch
[    0.004000] Spectre V2 : Spectre v2 / SpectreRSB : Filling RSB on VMEXIT
[    0.004000] RETBleed: Vulnerable
[    0.004000] Freeing SMP alternatives memory: 36K
[    0.120296] APIC calibration not consistent with PM-Timer: 112ms instead of 100ms
[    0.121797] APIC delta adjusted to PM-Timer: 6472362 (7270048)
[    0.122767] smpboot: CPU0: AMD Ryzen 3 1200 Quad-Core Processor (family: 0x17, model: 0x1, stepping: 0x1)
[    0.124000] Performance Events: PMU not available due to virtualization, using software events only.
[    0.124000] Hierarchical SRCU implementation.
[    0.124000] NMI watchdog: Perf event create on CPU 0 failed with -2
[    0.124007] NMI watchdog: Perf NMI watchdog permanently disabled
[    0.125423] smp: Bringing up secondary CPUs ...
[    0.128142] x86: Booting SMP configuration:
[    0.129147] .... node  #0, CPUs:      #1
[    0.004000] kvm-clock: cpu 1, msr 0:3ff44041, secondary cpu clock
[    0.132028] smp: Brought up 1 node, 2 CPUs
[    0.133120] smpboot: Max logical packages: 1
[    0.134250] smpboot: Total of 2 processors activated (12376.74 BogoMIPS)
[    0.136140] devtmpfs: initialized
[    0.136658] x86/mm: Memory block size: 128MB
[    0.138163] evm: security.selinux
[    0.138731] evm: security.SMACK64
[    0.140009] evm: security.SMACK64EXEC
[    0.140607] evm: security.SMACK64TRANSMUTE
[    0.141328] evm: security.SMACK64MMAP
[    0.141934] evm: security.apparmor
[    0.142503] evm: security.ima
[    0.143009] evm: security.capability
[    0.143621] clocksource: jiffies: mask: 0xffffffff max_cycles: 0xffffffff, max_idle_ns: 7645041785100000 ns
[    0.143621] futex hash table entries: 512 (order: 3, 32768 bytes)
[    0.144060] pinctrl core: initialized pinctrl subsystem
[    0.145884] RTC time: 13:45:53, date: 10/05/23
[    0.148085] NET: Registered protocol family 16
[    0.149016] audit: initializing netlink subsys (disabled)
[    0.150139] audit: type=2000 audit(1696513557.737:1): state=initialized audit_enabled=0 res=1
[    0.152016] cpuidle: using governor ladder
[    0.152664] cpuidle: using governor menu
[    0.152879] ACPI: bus type PCI registered
[    0.152879] acpiphp: ACPI Hot Plug PCI Controller Driver version: 0.5
[    0.153795] PCI: Using configuration type 1 for base access
[    0.154730] PCI: Using configuration type 1 for extended access
[    0.156957] HugeTLB registered 2.00 MiB page size, pre-allocated 0 pages
[    0.160073] ACPI: Added _OSI(Module Device)
[    0.160073] ACPI: Added _OSI(Processor Device)
[    0.161022] ACPI: Added _OSI(3.0 _SCP Extensions)
[    0.162188] ACPI: Added _OSI(Processor Aggregator Device)
[    0.163062] ACPI: Added _OSI(Linux-Dell-Video)
[    0.163800] ACPI: Added _OSI(Linux-Lenovo-NV-HDMI-Audio)
[    0.164005] ACPI: Added _OSI(Linux-HPI-Hybrid-Graphics)
[    0.165298] ACPI: Executed 1 blocks of module-level executable AML code
[    0.170847] ACPI: Interpreter enabled
[    0.171499] ACPI: (supports S0 S5)
[    0.172000] ACPI: Using IOAPIC for interrupt routing
[    0.172276] PCI: Using host bridge windows from ACPI; if necessary, use "pci=nocrs" and report a bug
[    0.173878] ACPI: Enabled 2 GPEs in block 00 to 07
[    0.181738] ACPI: PCI Root Bridge [PCI0] (domain 0000 [bus 00-ff])
[    0.182733] acpi PNP0A03:00: _OSC: OS supports [ExtendedConfig ASPM ClockPM Segments MSI]
[    0.185046] acpi PNP0A03:00: _OSC: platform does not support [PCIeCapability]
[    0.186804] acpi PNP0A03:00: _OSC: not requesting control; platform does not support [PCIeCapability]
[    0.188005] acpi PNP0A03:00: _OSC: OS requested [PCIeHotplug PME AER PCIeCapability]
[    0.189257] acpi PNP0A03:00: _OSC: platform willing to grant [PCIeHotplug PME AER]
[    0.191024] acpi PNP0A03:00: _OSC failed (AE_SUPPORT); disabling ASPM
[    0.192384] PCI host bridge to bus 0000:00
[    0.193075] pci_bus 0000:00: root bus resource [io  0x0000-0x0cf7 window]
[    0.194284] pci_bus 0000:00: root bus resource [io  0x0d00-0xffff window]
[    0.195945] pci_bus 0000:00: root bus resource [mem 0x000a0000-0x000bffff window]
[    0.196005] pci_bus 0000:00: root bus resource [mem 0x40000000-0xfdffffff window]
[    0.198067] pci_bus 0000:00: root bus resource [bus 00-ff]
[    0.202060] pci 0000:00:01.1: legacy IDE quirk: reg 0x10: [io  0x01f0-0x01f7]
[    0.204017] pci 0000:00:01.1: legacy IDE quirk: reg 0x14: [io  0x03f6]
[    0.205519] pci 0000:00:01.1: legacy IDE quirk: reg 0x18: [io  0x0170-0x0177]
[    0.206627] pci 0000:00:01.1: legacy IDE quirk: reg 0x1c: [io  0x0376]
[    0.224132] pci 0000:00:07.0: quirk: [io  0x4000-0x403f] claimed by PIIX4 ACPI
[    0.225322] pci 0000:00:07.0: quirk: [io  0x4100-0x410f] claimed by PIIX4 SMB
[    0.237307] ACPI: PCI Interrupt Link [LNKA] (IRQs 5 9 10 *11)
[    0.238580] ACPI: PCI Interrupt Link [LNKB] (IRQs 5 9 *10 11)
[    0.239639] ACPI: PCI Interrupt Link [LNKC] (IRQs 5 *9 10 11)
[    0.240122] ACPI: PCI Interrupt Link [LNKD] (IRQs 5 9 10 *11)
[    0.241421] SCSI subsystem initialized
[    0.242059] pci 0000:00:02.0: vgaarb: setting as boot VGA device
[    0.242059] pci 0000:00:02.0: vgaarb: VGA device added: decodes=io+mem,owns=io+mem,locks=none
[    0.244012] pci 0000:00:02.0: vgaarb: bridge control possible
[    0.245442] vgaarb: loaded
[    0.246210] ACPI: bus type USB registered
[    0.247246] usbcore: registered new interface driver usbfs
[    0.248033] usbcore: registered new interface driver hub
[    0.248861] usbcore: registered new device driver usb
[    0.249675] EDAC MC: Ver: 3.0.0
[    0.252049] PCI: Using ACPI for IRQ routing
[    0.253012] NetLabel: Initializing
[    0.253693] NetLabel:  domain hash size = 128
[    0.254410] NetLabel:  protocols = UNLABELED CIPSOv4 CALIPSO
[    0.255319] NetLabel:  unlabeled traffic allowed by default
[    0.256075] clocksource: Switched to clocksource kvm-clock
[    0.269606] VFS: Disk quotas dquot_6.6.0
[    0.270328] VFS: Dquot-cache hash table entries: 512 (order 0, 4096 bytes)
[    0.271617] AppArmor: AppArmor Filesystem Enabled
[    0.272443] pnp: PnP ACPI init
[    0.274071] pnp: PnP ACPI: found 3 devices
[    0.283000] clocksource: acpi_pm: mask: 0xffffff max_cycles: 0xffffff, max_idle_ns: 2085701024 ns
[    0.284887] NET: Registered protocol family 2
[    0.285666] IP idents hash table entries: 16384 (order: 5, 131072 bytes)
[    0.287918] TCP established hash table entries: 8192 (order: 4, 65536 bytes)
[    0.289073] TCP bind hash table entries: 8192 (order: 5, 131072 bytes)
[    0.290119] TCP: Hash tables configured (established 8192 bind 8192)
[    0.291142] UDP hash table entries: 512 (order: 2, 16384 bytes)
[    0.292090] UDP-Lite hash table entries: 512 (order: 2, 16384 bytes)
[    0.293166] NET: Registered protocol family 1
[    0.293930] pci 0000:00:00.0: Limiting direct PCI/PCI transfers
[    0.294990] pci 0000:00:01.0: Activating ISA DMA hang workarounds
[    0.296012] pci 0000:00:02.0: Video device with shadowed ROM at [mem 0x000c0000-0x000dffff]
[    0.297487] Unpacking initramfs...
[    0.603181] Freeing initrd memory: 19528K
[    0.604469] clocksource: tsc: mask: 0xffffffffffffffff max_cycles: 0x2c99d37ccd0, max_idle_ns: 440795225167 ns
[    0.606732] platform rtc_cmos: registered platform RTC device (no PNP device found)
[    0.608628] Scanning for low memory corruption every 60 seconds
[    0.610249] Initialise system trusted keyrings
[    0.611006] Key type blacklist registered
[    0.611742] workingset: timestamp_bits=36 max_order=18 bucket_order=0
[    0.613703] zbud: loaded
[    0.614784] squashfs: version 4.0 (2009/01/31) Phillip Lougher
[    0.615975] fuse init (API version 7.26)
[    0.619380] Key type asymmetric registered
[    0.620057] Asymmetric key parser 'x509' registered
[    0.620882] Block layer SCSI generic (bsg) driver version 0.4 loaded (major 246)
[    0.622120] io scheduler noop registered
[    0.622749] io scheduler deadline registered
[    0.623621] io scheduler cfq registered (default)
[    0.624693] ACPI: AC Adapter [AC] (on-line)
[    0.625408] input: Power Button as /devices/LNXSYSTM:00/LNXPWRBN:00/input/input0
[    0.626676] ACPI: Power Button [PWRF]
[    0.627359] input: Sleep Button as /devices/LNXSYSTM:00/LNXSLPBN:00/input/input1
[    0.628522] ACPI: Sleep Button [SLPF]
[    0.629461] Serial: 8250/16550 driver, 32 ports, IRQ sharing enabled
[    0.651206] 00:02: ttyS0 at I/O 0x3f8 (irq = 4, base_baud = 115200) is a 16550A
[    0.655384] Linux agpgart interface v0.103
[    0.658441] loop: module loaded
[    0.659599] scsi host0: ata_piix
[    0.660354] scsi host1: ata_piix
[    0.660983] ata1: PATA max UDMA/33 cmd 0x1f0 ctl 0x3f6 bmdma 0xd000 irq 14
[    0.662613] ata2: PATA max UDMA/33 cmd 0x170 ctl 0x376 bmdma 0xd008 irq 15
[    0.664184] tun: Universal TUN/TAP device driver, 1.6
[    0.665210] PPP generic driver version 2.4.2
[    0.666090] ehci_hcd: USB 2.0 'Enhanced' Host Controller (EHCI) Driver
[    0.667124] ehci-pci: EHCI PCI platform driver
[    0.667861] ehci-platform: EHCI generic platform driver
[    0.668846] ohci_hcd: USB 1.1 'Open' Host Controller (OHCI) Driver
[    0.670076] ohci-pci: OHCI PCI platform driver
[    0.670813] ohci-platform: OHCI generic platform driver
[    0.671672] uhci_hcd: USB Universal Host Controller Interface driver
[    0.672799] i8042: PNP: PS/2 Controller [PNP0303:PS2K,PNP0f03:PS2M] at 0x60,0x64 irq 1,12
[    0.675187] serio: i8042 KBD port at 0x60,0x64 irq 1
[    0.676075] serio: i8042 AUX port at 0x60,0x64 irq 12
[    0.677112] mousedev: PS/2 mouse device common for all mice
[    0.678489] input: AT Translated Set 2 keyboard as /devices/platform/i8042/serio0/input/input2
[    0.680588] rtc_cmos rtc_cmos: rtc core: registered rtc_cmos as rtc0
[    0.681626] rtc_cmos rtc_cmos: alarms up to one day, 114 bytes nvram
[    0.682747] i2c /dev entries driver
[    0.683523] device-mapper: uevent: version 1.0.3
[    0.684353] device-mapper: ioctl: 4.37.0-ioctl (2017-09-20) initialised: dm-devel@redhat.com
[    0.685689] ledtrig-cpu: registered to indicate activity on CPUs
[    0.687031] NET: Registered protocol family 10
[    0.691251] Segment Routing with IPv6
[    0.691999] NET: Registered protocol family 17
[    0.692943] Key type dns_resolver registered
[    0.693934] mce: Using 0 MCE banks
[    0.694592] RAS: Correctable Errors collector initialized.
[    0.695902] sched_clock: Marking stable (693902955, 0)->(862474744, -168571789)
[    0.698120] registered taskstats version 1
[    0.698866] Loading compiled-in X.509 certificates
[    0.701801] Loaded X.509 cert 'Build time autogenerated kernel key: b5b26778eaa3ab3a4a6cee031137706e947d12ad'
[    0.704146] Loaded X.509 cert 'Canonical Ltd. Live Patch Signing: 14df34d1a87cf37625abec039ef2bf521249b969'
[    0.707134] Loaded X.509 cert 'Canonical Ltd. Kernel Module Signing: 88f752e560a1e0737e31163a466ad7b70a850c19'
[    0.709652] blacklist: Loading compiled-in revocation X.509 certificates
[    0.711022] Loaded X.509 cert 'Canonical Ltd. Secure Boot Signing: 61482aa2830d0ab2ad5af10b7250da9033ddcef0'
[    0.712799] Loaded X.509 cert 'Canonical Ltd. Secure Boot Signing (2017): 242ade75ac4a15e50d50c84b0d45ff3eae707a03'
[    0.715119] Loaded X.509 cert 'Canonical Ltd. Secure Boot Signing (ESM 2018): 365188c1d374d6b07c3c8f240f8ef722433d6a8b'
[    0.717770] Loaded X.509 cert 'Canonical Ltd. Secure Boot Signing (2019): c0746fd6c5da3ae827864651ad66ae47fe24b3e8'
[    0.719445] Loaded X.509 cert 'Canonical Ltd. Secure Boot Signing (2021 v1): a8d54bbb3825cfb94fa13c9f8a594a195c107b8d'
[    0.721180] Loaded X.509 cert 'Canonical Ltd. Secure Boot Signing (2021 v2): 4cf046892d6fd3c9a5b03f98d845f90851dc6a8c'
[    0.722890] Loaded X.509 cert 'Canonical Ltd. Secure Boot Signing (2021 v3): 100437bb6de6e469b581e61cd66bce3ef4ed53af'
[    0.724607] Loaded X.509 cert 'Canonical Ltd. Secure Boot Signing (Ubuntu Core 2019): c1d57b8f6b743f23ee41f4f7ee292f06eecadfb9'
[    0.726353] zswap: loaded using pool lzo/zbud
[    0.730013] Key type big_key registered
[    0.730667] Key type trusted registered
[    0.732747] Key type encrypted registered
[    0.733547] AppArmor: AppArmor sha1 policy hashing enabled
[    0.734418] ima: No TPM chip found, activating TPM-bypass! (rc=-19)
[    0.735386] ima: Allocated hash algorithm: sha1
[    0.736121] evm: HMAC attrs: 0x1
[    0.736953]   Magic number: 11:15:786
[    0.737652] rtc_cmos rtc_cmos: setting system clock to 2023-10-05 13:45:54 UTC (1696513554)
[    0.739073] BIOS EDD facility v0.16 2004-Jun-25, 0 devices found
[    0.740016] EDD information not available.
[    0.847761] Freeing unused kernel image memory: 2480K
[    0.864125] Write protecting the kernel read-only data: 20480k
[    0.865721] Freeing unused kernel image memory: 2008K
[    0.866920] Freeing unused kernel image memory: 1820K
[    0.876349] x86/mm: Checked W+X mappings: passed, no W+X pages found.
Loading, please wait...
starting version 237
[    0.935579] Fusion MPT base driver 3.04.20
[    0.936805] Copyright (c) 1999-2008 LSI Corporation
[    0.939245] e1000: Intel(R) PRO/1000 Network Driver - version 7.3.21-k8-NAPI
[    0.941059] e1000: Copyright (c) 1999-2006 Intel Corporation.
[    0.946893] Fusion MPT SPI Host driver 3.04.20
[    0.962848] AVX2 version of gcm_enc/dec engaged.
[    0.963896] AES CTR mode by8 optimization enabled
[    1.153250] input: ImExPS/2 Generic Explorer Mouse as /devices/platform/i8042/serio1/input/input4
[    1.324324] e1000 0000:00:03.0 eth0: (PCI:33MHz:32-bit) 02:3b:7b:b7:3b:2d
[    1.326127] e1000 0000:00:03.0 eth0: Intel(R) PRO/1000 Network Connection
[    1.720377] e1000 0000:00:08.0 eth1: (PCI:33MHz:32-bit) 08:00:27:98:aa:43
[    1.722280] e1000 0000:00:08.0 eth1: Intel(R) PRO/1000 Network Connection
[    1.725180] e1000 0000:00:08.0 enp0s8: renamed from eth1
[    1.726997] mptbase: ioc0: Initiating bringup
[    1.777048] e1000 0000:00:03.0 enp0s3: renamed from eth0
[    1.832342] ioc0: LSI53C1030 A0: Capabilities={Initiator}
[    3.688911] scsi host2: ioc0: LSI53C1030 A0, FwRev=00000000h, Ports=1, MaxQ=256, IRQ=20
[    3.861003] scsi 2:0:0:0: Direct-Access     VBOX     HARDDISK         1.0  PQ: 0 ANSI: 5
[    3.888196] scsi target2:0:0: Beginning Domain Validation
[    3.890269] scsi target2:0:0: Domain Validation skipping write tests
[    3.891493] scsi target2:0:0: Ending Domain Validation
[    3.892600] scsi target2:0:0: asynchronous
[    3.893971] scsi 2:0:1:0: Direct-Access     VBOX     HARDDISK         1.0  PQ: 0 ANSI: 5
[    4.484137] scsi target2:0:1: Beginning Domain Validation
[    4.486170] scsi target2:0:1: Domain Validation skipping write tests
[    4.487368] scsi target2:0:1: Ending Domain Validation
[    4.488367] scsi target2:0:1: asynchronous
[    4.492637] sd 2:0:0:0: Attached scsi generic sg0 type 0
[    4.494476] sd 2:0:1:0: Attached scsi generic sg1 type 0
[    4.494518] sd 2:0:0:0: [sda] 83886080 512-byte logical blocks: (42.9 GB/40.0 GiB)
[    4.497970] sd 2:0:1:0: [sdb] 20480 512-byte logical blocks: (10.5 MB/10.0 MiB)
[    4.498051] sd 2:0:0:0: [sda] Write Protect is off
[    4.500350] sd 2:0:1:0: [sdb] Write Protect is off
[    4.500522] sd 2:0:0:0: [sda] Incomplete mode parameter data
[    4.503467] sd 2:0:0:0: [sda] Assuming drive cache: write through
[    4.505087] sd 2:0:1:0: [sdb] Incomplete mode parameter data
[    4.506218]  sda: sda1
[    4.506494] sd 2:0:1:0: [sdb] Assuming drive cache: write through
[    4.507624] sd 2:0:0:0: [sda] Attached SCSI disk
[    4.512281] sd 2:0:1:0: [sdb] Attached SCSI disk
Begin: Loading essential drivers ... [    6.080521] raid6: sse2x1   gen()  6154 MB/s
[    6.128443] raid6: sse2x1   xor()  6069 MB/s
[    6.176411] raid6: sse2x2   gen() 12851 MB/s
[    6.224422] raid6: sse2x2   xor()  8176 MB/s
[    6.272316] raid6: sse2x4   gen() 13409 MB/s
[    6.320229] raid6: sse2x4   xor()  3761 MB/s
[    6.368271] raid6: avx2x1   gen() 13566 MB/s
[    6.416198] raid6: avx2x1   xor() 10202 MB/s
[    6.464192] raid6: avx2x2   gen() 17713 MB/s
[    6.512190] raid6: avx2x2   xor() 11299 MB/s
[    6.560223] raid6: avx2x4   gen() 18413 MB/s
[    6.608260] raid6: avx2x4   xor()  9734 MB/s
[    6.609406] raid6: using algorithm avx2x4 gen() 18413 MB/s
[    6.610292] raid6: .... xor() 9734 MB/s, rmw enabled
[    6.611157] raid6: using avx2x2 recovery algorithm
[    6.613428] xor: automatically using best checksumming function   avx       
[    6.615706] async_tx: api initialized (async)
done.
Begin: Running /scripts/init-premount ... done.
Begin: Mounting root file system ... Begin: Running /scripts/local-top ... done.
Begin: Running /scripts/local-premount ... [    6.661932] Btrfs loaded, crc32c=crc32c-intel
Scanning for Btrfs filesystems
done.
Warning: fsck not present, so skipping root file system
[    6.694217] EXT4-fs (sda1): mounted filesystem with ordered data mode. Opts: (null)
done.
Begin: Running /scripts/local-bottom ... done.
Begin: Running /scripts/init-bottom ... done.
[    6.850096] ip_tables: (C) 2000-2006 Netfilter Core Team
[    6.860090] systemd[1]: systemd 237 running in system mode. (+PAM +AUDIT +SELINUX +IMA +APPARMOR +SMACK +SYSVINIT +UTMP +LIBCRYPTSETUP +GCRYPT +GNUTLS +ACL +XZ +LZ4 +SECCOMP +BLKID +ELFUTILS +KMOD -IDN2 +IDN -PCRE2 default-hierarchy=hybrid)
[    6.863996] systemd[1]: Detected virtualization oracle.
[    6.864842] systemd[1]: Detected architecture x86-64.

Welcome to [1mUbuntu 18.04.6 LTS[0m!

[    6.871179] systemd[1]: Set hostname to <ubuntu>.
[    6.874751] systemd[1]: Initializing machine ID from random generator.
[    6.876018] systemd[1]: Installed transient /etc/machine-id file.
[    7.105181] systemd[1]: Reached target User and Group Name Lookups.
[[0;32m  OK  [0m] Reached target User and Group Name Lookups.
[    7.108589] systemd[1]: Created slice User and Session Slice.
[[0;32m  OK  [0m] Created slice User and Session Slice.
[    7.110528] systemd[1]: Created slice System Slice.
[[0;32m  OK  [0m] Created slice System Slice.
[    7.111990] systemd[1]: Listening on udev Control Socket.
[[0;32m  OK  [0m] Listening on udev Control Socket.
[[0;32m  OK  [0m] Listening on Journal Socket.
[[0;32m  OK  [0m] Listening on udev Kernel Socket.
         Starting udev Coldplug all Devices...
[[0;32m  OK  [0m] Reached target Swap.
[[0;32m  OK  [0m] Listening on LVM2 metadata daemon socket.
[[0;32m  OK  [0m] Listening on Syslog Socket.
         Starting Create list of required stâ€¦ce nodes for the current kernel...
         Mounting Kernel Debug File System...
[[0;32m  OK  [0m] Reached target System Time Synchronized.
         Mounting POSIX Message Queue File System...
[[0;32m  OK  [0m] Listening on Journal Audit Socket.
[[0;32m  OK  [0m] Listening on /dev/initctl Compatibility Named Pipe.
[[0;32m  OK  [0m] Listening on LVM2 poll daemon socket.
[[0;32m  OK  [0m] Listening on Network Service Netlink Socket.
[[0;32m  OK  [0m] Started Forward Password Requests to Wall Directory Watch.
[[0;32m  OK  [0m] Reached target Mounting snaps.
[[0;32m  OK  [0m] Reached target Mounted snaps.
         Starting Uncomplicated firewall...
[[0;32m  OK  [0m] Reached target Slices.
[[0;32m  OK  [0m] Listening on fsck to fsckd communication Socket.
         Starting File System Check on Root Device...
[[0;32m  OK  [0m] Created slice system-serial\x2dgetty.slice.
[[0;32m  OK  [0m] Listening on Journal Socket (/dev/log).
[[0;32m  OK  [0m] Listening on Device-mapper event daemon FIFOs.
         Starting Monitoring of LVM2 mirrorsâ€¦ng dmeventd or progress polling...
         Starting Load Kernel Modules...
         Starting Journal Service...
         Mounting Huge Pages File System...
[[0;32m  OK  [0m] Set up automount Arbitrary Executabâ€¦rmats File System Automount Point.
[    7.195163] Loading iSCSI transport class v2.0-870.
[    7.201225] iscsi: registered transport (tcp)
[    7.218379] iscsi: registered transport (iser)
         Starting Set the console keyboard layout...
[[0;32m  OK  [0m] Started Create list of required staâ€¦vice nodes for the current kernel.
[[0;32m  OK  [0m] Mounted Kernel Debug File System.
[[0;32m  OK  [0m] Mounted POSIX Message Queue File System.
[[0;32m  OK  [0m] Started Uncomplicated firewall.
[[0;32m  OK  [0m] Started Load Kernel Modules.
[[0;32m  OK  [0m] Mounted Huge Pages File System.
[[0;32m  OK  [0m] Started File System Check Daemon to report status.
         Starting Apply Kernel Variables...
         Mounting Kernel Configuration File System...
         Mounting FUSE Control File System...
         Starting Create Static Device Nodes in /dev...
[[0;32m  OK  [0m] Mounted Kernel Configuration File System.
[[0;32m  OK  [0m] Mounted FUSE Control File System.
[[0;32m  OK  [0m] Started LVM2 metadata daemon.
[[0;32m  OK  [0m] Started udev Coldplug all Devices.
[[0;32m  OK  [0m] Started Journal Service.
[[0;32m  OK  [0m] Started Create Static Device Nodes in /dev.
[[0;32m  OK  [0m] Started File System Check on Root Device.
         Starting Remount Root and Kernel File Systems...
[[0;32m  OK  [0m] Started Apply Kernel Variables.
[[0;32m  OK  [0m] Started Monitoring of LVM2 mirrors,â€¦sing dmeventd or progress polling.
[[0;32m  OK  [0m] Started Remount Root and Kernel File Systems.
         Starting udev Kernel Device Manager...
         Starting Flush Journal to Persistent Storage...
         Starting Load/Save Random Seed...
[[0;32m  OK  [0m] Started Load/Save Random Seed.
[[0;32m  OK  [0m] Started udev Kernel Device Manager.
[[0;32m  OK  [0m] Started Flush Journal to Persistent Storage.
[[0;32m  OK  [0m] Found device /dev/ttyS0.
[[0;32m  OK  [0m] Listening on Load/Save RF Kill Switch Status /dev/rfkill Watch.
         Mounting Arbitrary Executable File Formats File System...
[[0;32m  OK  [0m] Mounted Arbitrary Executable File Formats File System.
[[0;32m  OK  [0m] Started Set the console keyboard layout.
[[0;32m  OK  [0m] Reached target Local File Systems (Pre).
[[0;32m  OK  [0m] Reached target Local File Systems.
         Starting Set console font and keymap...
         Starting Tell Plymouth To Write Out Runtime Data...
         Starting AppArmor initialization...
         Starting ebtables ruleset management...
         Starting Commit a transient machine-id on disk...
         Starting Create Volatile Files and Directories...
[[0;32m  OK  [0m] Started Dispatch Password Requests to Console Directory Watch.
[[0;32m  OK  [0m] Reached target Local Encrypted Volumes.
[[0;32m  OK  [0m] Started Tell Plymouth To Write Out Runtime Data.
[[0;32m  OK  [0m] Started Create Volatile Files and Directories.
         Starting Update UTMP about System Boot/Shutdown...
[[0;32m  OK  [0m] Started Update UTMP about System Boot/Shutdown.
[[0;32m  OK  [0m] Started Commit a transient machine-id on disk.
[[0;32m  OK  [0m] Started ebtables ruleset management.
[[0;32m  OK  [0m] Started Set console font and keymap.
[[0;32m  OK  [0m] Started AppArmor initialization.
         Starting Initial cloud-init job (pre-networking)...
         Starting Load AppArmor profiles managed internally by snapd...
[[0;32m  OK  [0m] Started Load AppArmor profiles managed internally by snapd.
[   10.321216] cloud-init[861]: Cloud-init v. 23.1.2-0ubuntu0~18.04.1 running 'init-local' at Thu, 05 Oct 2023 13:46:03 +0000. Up 9.99 seconds.
[[0;32m  OK  [0m] Started Initial cloud-init job (pre-networking).
[[0;32m  OK  [0m] Reached target Network (Pre).
         Starting Network Service...
[[0;32m  OK  [0m] Started Network Service.
         Starting Network Name Resolution...
         Starting Wait for Network to be Configured...
[[0;32m  OK  [0m] Started Network Name Resolution.
[[0;32m  OK  [0m] Reached target Network.
[[0;32m  OK  [0m] Reached target Host and Network Name Lookups.
[[0;32m  OK  [0m] Started Wait for Network to be Configured.
         Starting Initial cloud-init job (metadata service crawler)...
[   12.446439] cloud-init[995]: Cloud-init v. 23.1.2-0ubuntu0~18.04.1 running 'init' at Thu, 05 Oct 2023 13:46:06 +0000. Up 12.27 seconds.
[   12.450457] cloud-init[995]: ci-info: ++++++++++++++++++++++++++++++++++++++Net device info+++++++++++++++++++++++++++++++++++++++
[   12.452288] cloud-init[995]: ci-info: +--------+-------+----------------------------+---------------+--------+-------------------+
[   12.454192] cloud-init[995]: ci-info: | Device |   Up  |          Address           |      Mask     | Scope  |     Hw-Address    |
[   12.468252] cloud-init[995]: ci-info: +--------+-------+----------------------------+---------------+--------+-------------------+
[   12.470097] cloud-init[995]: ci-info: | enp0s3 |  True |         10.0.2.15          | 255.255.255.0 | global | 02:3b:7b:b7:3b:2d |
[   12.471788] cloud-init[995]: ci-info: | enp0s3 |  True | fe80::3b:7bff:feb7:3b2d/64 |       .       |  link  | 02:3b:7b:b7:3b:2d |
[   12.473605] cloud-init[995]: ci-info: | enp0s8 | False |             .              |       .       |   .    | 08:00:27:98:aa:43 |
[   12.475397] cloud-init[995]: ci-info: |   lo   |  True |         127.0.0.1          |   255.0.0.0   |  host  |         .         |
[   12.477133] cloud-init[995]: ci-info: |   lo   |  True |          ::1/128           |       .       |  host  |         .         |
[   12.478739] cloud-init[995]: ci-info: +--------+-------+----------------------------+---------------+--------+-------------------+
[   12.480120] cloud-init[995]: ci-info: ++++++++++++++++++++++++++++Route IPv4 info+++++++++++++++++++++++++++++
[   12.482198] cloud-init[995]: ci-info: +-------+-------------+----------+-----------------+-----------+-------+
[   12.484010] cloud-init[995]: ci-info: | Route | Destination | Gateway  |     Genmask     | Interface | Flags |
[   12.485885] cloud-init[995]: ci-info: +-------+-------------+----------+-----------------+-----------+-------+
[   12.487566] cloud-init[995]: ci-info: |   0   |   0.0.0.0   | 10.0.2.2 |     0.0.0.0     |   enp0s3  |   UG  |
[   12.489183] cloud-init[995]: ci-info: |   1   |   10.0.2.0  | 0.0.0.0  |  255.255.255.0  |   enp0s3  |   U   |
[   12.490651] cloud-init[995]: ci-info: |   2   |   10.0.2.2  | 0.0.0.0  | 255.255.255.255 |   enp0s3  |   UH  |
[   12.491926] cloud-init[995]: ci-info: +-------+-------------+----------+-----------------+-----------+-------+
[   12.493512] cloud-init[995]: ci-info: +++++++++++++++++++Route IPv6 info+++++++++++++++++++
[   12.494966] cloud-init[995]: ci-info: +-------+-------------+---------+-----------+-------+
[   12.496492] cloud-init[995]: ci-info: | Route | Destination | Gateway | Interface | Flags |
[   12.498060] cloud-init[995]: ci-info: +-------+-------------+---------+-----------+-------+
[   12.499492] cloud-init[995]: ci-info: |   1   |  fe80::/64  |    ::   |   enp0s3  |   U   |
[   12.500823] cloud-init[995]: ci-info: |   3   |    local    |    ::   |   enp0s3  |   U   |
[   12.502237] cloud-init[995]: ci-info: |   4   |   ff00::/8  |    ::   |   enp0s3  |   U   |
[   12.504204] cloud-init[995]: ci-info: +-------+-------------+---------+-----------+-------+
[   13.316832] cloud-init[995]: Generating public/private rsa key pair.
[   13.332532] cloud-init[995]: Your identification has been saved in /etc/ssh/ssh_host_rsa_key.
[   13.334333] cloud-init[995]: Your public key has been saved in /etc/ssh/ssh_host_rsa_key.pub.
[   13.336471] cloud-init[995]: The key fingerprint is:
[   13.338322] cloud-init[995]: SHA256:DDpOcigwBMUcExQ0RwdpEfwa7kJcCh/h/UMKiXqTyVo root@ubuntu-bionic
[   13.341207] cloud-init[995]: The key's randomart image is:
[   13.342110] cloud-init[995]: +---[RSA 2048]----+
[   13.342999] cloud-init[995]: |oBX**=.          |
[   13.343940] cloud-init[995]: |. +++.           |
[   13.360277] cloud-init[995]: |oo = ..          |
[   13.361427] cloud-init[995]: |+.=.+.oo         |
[   13.362295] cloud-init[995]: |o=oO=*  S        |
[   13.372617] cloud-init[995]: |..E=+.o          |
[   13.373528] cloud-init[995]: | = o.  .         |
[   13.375294] cloud-init[995]: |. . .            |
[   13.376088] cloud-init[995]: |   .             |
[   13.392710] cloud-init[995]: +----[SHA256]-----+
[   13.393903] cloud-init[995]: Generating public/private dsa key pair.
[   13.396573] cloud-init[995]: Your identification has been saved in /etc/ssh/ssh_host_dsa_key.
[   13.398380] cloud-init[995]: Your public key has been saved in /etc/ssh/ssh_host_dsa_key.pub.
[   13.400075] cloud-init[995]: The key fingerprint is:
[   13.401165] cloud-init[995]: SHA256:Lc+wGhCd5Zazc8uZ8ZZNMt735sPvzRaC0G5gN1l6AhM root@ubuntu-bionic
[   13.402915] cloud-init[995]: The key's randomart image is:
[   13.404136] cloud-init[995]: +---[DSA 1024]----+
[   13.405258] cloud-init[995]: |        .E.      |
[   13.406359] cloud-init[995]: |     . + +   .   |
[   13.407605] cloud-init[[0;32m  OK  [0m] Started Initial cloud-init job (metadata service crawler).
[[0;32m  OK  [0m] Reached target Cloud-config availability.
[995]: |    . o = + +    |
[[0;32m  OK  [0m] Reached target System Initialization.
[   13.413539] [[0;32m  OK  [0m] Listening on Open-iSCSI iscsid Socket.
[[0;32m  OK  [0m] Listening on UUID daemon activation socket.
[[0;32m  OK  [0m] Started Daily apt download activities.
[[0;32m  OK  [0m] Started Message of the Day.
[[0;32m  OK  [0m] Listening on cloud-init hotplug hook socket.
[[0;32m  OK  [0m] Started Daily apt upgrade and clean activities.
[[0;32m  OK  [0m] Listening on D-Bus System Message Bus Socket.
cloud-init[995]: |     . . B B .   |
[   13.419064] cloud-init[995]: |    .   S O B .  |
[   13.419816] cloud-init[995]: |     .   X @ O . |
[   13.420682] cloud-init[995]: |      . . O = = o|
[   13.421393] cloud-init[995]: |       o   .   ==|
[   13.421476] cloud-init[995]: |      .        =X|
         Starting LXD - unix socket.[   13.422239] cloud-init[995]: +----[SHA256]-----+
[   13.422779] cloud-init[995]: Generating public/private ecdsa key pair.

[   13.423358] cloud-init[995]: Your identification has been saved in /etc/ssh/ssh_host_ecdsa_key.
[   13.437700] cloud-init[995]: Your public key has been saved in /etc/ssh/ssh_host_ecdsa_key.pub.
[[   13.439025] cloud-init[995]: The key fingerprint is:
[   13.439167] cloud-init[995]: SHA256:Lcilm2eocftnuwhlxrETvMtHT/9HoOpVJbBH4LzAYP4 root@ubuntu-bionic
[   13.441294] cloud-init[995]: The key's randomart image is:
[   13.441347] cloud-init[995]: +---[ECDSA 256]---+
[0;32m  OK  [0m] Started ACPI Events Check.
[   13.442871] cloud-init[995]: |        o   o..  |
[   13.442923] cloud-init[995]: |       + o o +   |
[   13.444524] cloud-init[995]: |        * o + o .|
[   13.444879] cloud-init[995]: |     . = B . o.o |
[   13.445718] cloud-init[995]: |      + S E o... |
[   13.445920] cloud-init[995]: |       O = o.o  .|
[   13.446575] cloud-init[995]: |    . * = ..o .. |
[   13.446939] cloud-init[995]: |     + = o+.   ..|
[   13.447663] cloud-init[995]: |    . ..o++o    o|
[   13.448205] cloud-init[995]: +----[SHA256]-----+
[   13.449198] cloud-init[995]: Generating public/private ed25519 key pair.
[   13.449738] cloud-init[995]: Your identification has been saved in /etc/ssh/ssh_host_ed25519_key.
[   13.450220] cloud-init[995]: Your public key has been saved in /etc/ssh/ssh_host_ed25519_key.pub.
[   13.451001] cloud-init[995]: The key fingerprint is:
[   13.452348] cloud-init[995]: SHA256:s2S/+uppI6awg5E3ynmYFEXLSEpeMVE3JbuCIqnpaSw root@ubuntu-bionic
[[   13.453384] cloud-init[995]: The key's randomart image is:
[   13.453522] cloud-init[995]: +--[ED25519 256]--+
[0;32m  OK  [0m[   13.454555] cloud-init[995]: | o.*+. +..       |
[   13.455062] cloud-init[995]: |= +.o . +        |
] [   13.455847] cloud-init[995]: |.o.o   .         |
[   13.456754] cloud-init[995]: | o  .   .        |
[   13.456808] cloud-init[995]: |oo.. . .S        |
[   13.457534] cloud-init[995]: |=o+   .o +       |
[   13.458230] cloud-init[995]: |*==.    . .      |
[   13.459463] cloud-init[995]: |EBo+  o o. .     |
[   13.459834] cloud-init[995]: |ooo..o +==o      |
[   13.460470] cloud-init[995]: +----[SHA256]-----+
Reached target Paths.
[[0;32m  OK  [0m] Started Daily Cleanup of Temporary Directories.
[[0;32m  OK  [0m] Started Ubuntu Advantage Timer for running repeated jobs.
[[0;32m  OK  [0m] Listening on ACPID Listen Socket.
[[0;32m  OK  [0m] Started Discard unused blocks once a week.
[[0;32m  OK  [0m] Reached target Timers.
         Starting Socket activation for snappy daemon.
[[0;32m  OK  [0m] Reached target Network is Online.
[[0;32m  OK  [0m] Reached target Remote File Systems (Pre).
[[0;32m  OK  [0m] Reached target Remote File Systems.
         Starting Availability of block devices...
[[0;32m  OK  [0m] Listening on LXD - unix socket.
[[0;32m  OK  [0m] Listening on Socket activation for snappy daemon.
[[0;32m  OK  [0m] Reached target Sockets.
[[0;32m  OK  [0m] Reached target Basic System.
[[0;32m  OK  [0m] Started Deferred execution scheduler.
         Starting Permit User Sessions...
         Starting Dispatcher daemon for systemd-networkd...
         Starting LSB: Record successful boot for GRUB...
[[0;32m  OK  [0m] Reached target Login Prompts (Pre).
         Starting Virtualbox guest utils...
[[0;32m  OK  [0m] Started FUSE filesystem for LXC.
         Starting LSB: automatic crash report generation...
         Starting Pollinate to seed the pseudo random number generator...
         Starting Accounts Service...
[[0;32m  OK  [0m] Started D-Bus System Message Bus.
[[0;32m  OK  [0m] Started irqbalance daemon.
         Starting Login Service...
         Starting Snap Daemon...
[[0;32m  OK  [0m] Started Regular background program processing daemon.
         Starting System Logging Service...
         Starting LXD - container startup/shutdown...
[[0;32m  OK  [0m] Started Availability of block devices.
[[0;32m  OK  [0m] Started Permit User Sessions.
[[0;32m  OK  [0m] Started System Logging Service.
[[0;32m  OK  [0m] Started LSB: automatic crash report generation.
[[0;32m  OK  [0m] Started Login Service.
[[0;32m  OK  [0m] Started Unattended Upgrades Shutdown.
         Starting Authorization Manager...
         Starting Terminate Plymouth Boot Screen...
         Starting Hold until boot process finishes up...
[[0;32m  OK  [0m] Started Hold until boot process finishes up.
[[0;32m  OK  [0m] Started Serial Getty on ttyS0.
         Starting Set console scheme...
[[0;32m  OK  [0m] Started Terminate Plymouth Boot Screen.
[[0;32m  OK  [0m] Started Set console scheme.
[[0;32m  OK  [0m] Created slice system-getty.slice.
[[0;32m  OK  [0m] Started Getty on tty1.
[[0;32m  OK  [0m] Reached target Login Prompts.
[[0;32m  OK  [0m] Started LSB: Record successful boot for GRUB.
[[0;32m  OK  [0m] Started Authorization Manager.
[[0;32m  OK  [0m] Started Accounts Service.
[[0;32m  OK  [0m] Started LXD - container startup/shutdown.
[[0;32m  OK  [0m] Started Virtualbox guest utils.
[[0;32m  OK  [0m] Started Dispatcher daemon for systemd-networkd.
[[0;32m  OK  [0m] Started Snap Daemon.
         Starting Wait until snapd is fully seeded...
         Starting Time & Date Service...
[[0;32m  OK  [0m] Started Time & Date Service.
[[0;32m  OK  [0m] Started Pollinate to seed the pseudo random number generator.
         Starting OpenBSD Secure Shell server...
[[0;32m  OK  [0m] Started OpenBSD Secure Shell server.
[[0;32m  OK  [0m] Created slice User Slice of vagrant.
         Starting User Manager for UID 1000...
[[0;32m  OK  [0m] Started Session 1 of user vagrant.
[[0;32m  OK  [0m] Started User Manager for UID 1000.
[[0;32m  OK  [0m] Started Wait until snapd is fully seeded.
         Starting Apply the settings specified in cloud-config...
[   18.588554] cloud-init[1709]: Cloud-init v. 23.1.2-0ubuntu0~18.04.1 running 'modules:config' at Thu, 05 Oct 2023 13:46:11 +0000. Up 18.18 seconds.
[[0;32m  OK  [0m] Started Apply the settings specified in cloud-config.
[[0;32m  OK  [0m] Reached target Multi-User System.
         Starting Execute cloud user/final scripts...
[[0;32m  OK  [0m] Reached target Graphical Interface.
         Starting Update UTMP about System Runlevel Changes...
[[0;32m  OK  [0m] Started Update UTMP about System Runlevel Changes.
ci-info: no authorized SSH keys fingerprints found for user ubuntu.
<14>Oct  5 13:46:13 cloud-init: #############################################################
<14>Oct  5 13:46:13 cloud-init: -----BEGIN SSH HOST KEY FINGERPRINTS-----
<14>Oct  5 13:46:13 cloud-init: 1024 SHA256:Lc+wGhCd5Zazc8uZ8ZZNMt735sPvzRaC0G5gN1l6AhM root@ubuntu-bionic (DSA)
<14>Oct  5 13:46:13 cloud-init: 256 SHA256:Lcilm2eocftnuwhlxrETvMtHT/9HoOpVJbBH4LzAYP4 root@ubuntu-bionic (ECDSA)
<14>Oct  5 13:46:13 cloud-init: 256 SHA256:s2S/+uppI6awg5E3ynmYFEXLSEpeMVE3JbuCIqnpaSw root@ubuntu-bionic (ED25519)
<14>Oct  5 13:46:13 cloud-init: 2048 SHA256:DDpOcigwBMUcExQ0RwdpEfwa7kJcCh/h/UMKiXqTyVo root@ubuntu-bionic (RSA)
<14>Oct  5 13:46:13 cloud-init: -----END SSH HOST KEY FINGERPRINTS-----
<14>Oct  5 13:46:13 cloud-init: #############################################################
-----BEGIN SSH HOST KEY KEYS-----
ecdsa-sha2-nistp256 AAAAE2VjZHNhLXNoYTItbmlzdHAyNTYAAAAIbmlzdHAyNTYAAABBBNkyudmVlWrRA5MiNml02IdxsZda+igVhefJemvpOjoy0FtyYB2TDGxXiPSksxudqv26vm3WhPFdHfB9d0mtJ+U= root@ubuntu-bionic
ssh-ed25519 AAAAC3NzaC1lZDI1NTE5AAAAIPIBgPoFltnF2vlJbDg5ZvfzAnLXxmS5pzDODt5i8p6C root@ubuntu-bionic
ssh-rsa AAAAB3NzaC1yc2EAAAADAQABAAABAQCuMsXJy5Gr8pO+gFbwOI8l/HEs6rfoEYXdaIZqOuGXJlejbQ1MkaLLZcNGF4gCnxzYeh8O2QsZyQQbjlAQQGCp16XeLi72P1U7dqFA21BtY/3NuKAUJbye4cBBI8+o9D6Bo4Rb5rPSbJ7Hn75fBXY+K6ASY/LuEmxLx4TUJNtO13mTDi0wWzkGSDXCybSdOgqUl5tJDY/eWXsOMIly1rrjuEbNo3VBHCLIK/0dtNM0WRkGprmBwNsCRLaDeJpR3QCx2hEbz0m5rcU8wKFAz+xfWXh10YxZv1ab7pactw0wshP87uUnFH+AY0bNSGA78+u25QbCuH+r+S256sDCTV2D root@ubuntu-bionic
-----END SSH HOST KEY KEYS-----
[   19.413760] cloud-init[1865]: Cloud-init v. 23.1.2-0ubuntu0~18.04.1 running 'modules:final' at Thu, 05 Oct 2023 13:46:12 +0000. Up 19.21 seconds.
[   19.413875] cloud-init[1865]: Cloud-init v. 23.1.2-0ubuntu0~18.04.1 finished at Thu, 05 Oct 2023 13:46:13 +0000. Datasource DataSourceNoCloud [seed=/dev/sdb][dsmode=net].  Up 19.39 seconds

Ubuntu 18.04.6 LTS ubuntu-bionic ttyS0

ubuntu-bionic login: [[0;32m  OK  [0m] Stopped Unattended Upgrades Shutdown.
[[0;32m  OK  [0m] Closed Load/Save RF Kill Switch Status /dev/rfkill Watch.
[[0;32m  OK  [0m] Stopped target Host and Network Name Lookups.
         Stopping Network Name Resolution...
         Stopping User Manager for UID 1000...
         Stopping Session 5 of user vagrant.
[[0;32m  OK  [0m] Stopped target Graphical Interface.
         Stopping Accounts Service...
         Stopping Availability of block devices...
         Stopping Authorization Manager...
[[0;32m  OK  [0m] Stopped target Cloud-init target.
[[0;32m  OK  [0m] Stopped Execute cloud user/final scripts.
[[0;32m  OK  [0m] Stopped Apply the settings specified in cloud-config.
[[0;32m  OK  [0m] Stopped target Cloud-config availability.
[[0;32m  OK  [0m] Stopped target Multi-User System.
[[0;32m  OK  [0m] Stopped target Login Prompts.
         Stopping Serial Getty on ttyS0...
         Stopping LSB: Record successful boot for GRUB...
[[0;32m  OK  [0m] Stopped Wait until snapd is fully seeded.
         Stopping irqbalance daemon...
         Stopping Virtualbox guest utils...
         Stopping FUSE filesystem for LXC...
         Stopping OpenBSD Secure Shell server...
         Stopping Dispatcher daemon for systemd-networkd...
         Stopping LSB: automatic crash report generation...
         Stopping LXD - container startup/shutdown...
         Stopping D-Bus System Message Bus...
         Stopping Deferred execution scheduler...
[[0;32m  OK  [0m] Stopped target Timers.
[[0;32m  OK  [0m] Stopped Ubuntu Advantage Timer for running repeated jobs.
[[0;32m  OK  [0m] Stopped Daily apt upgrade and clean activities.
[[0;32m  OK  [0m] Stopped Daily Cleanup of Temporary Directories.
[[0;32m  OK  [0m] Stopped Discard unused blocks once a week.
[[0;32m  OK  [0m] Stopped Message of the Day.
         Stopping System Logging Service...
         Stopping Getty on tty1...
         Stopping Regular background program processing daemon...
[[0;32m  OK  [0m] Stopped Daily apt download activities.
[[0;32m  OK  [0m] Stopped target System Time Synchronized.
[[0;32m  OK  [0m] Unmounted /var/lib/lxcfs.
[[0;32m  OK  [0m] Stopped Network Name Resolution.
[[0;32m  OK  [0m] Stopped Deferred execution scheduler.
[[0;32m  OK  [0m] Stopped Dispatcher daemon for systemd-networkd.
[[0;32m  OK  [0m] Stopped Accounts Service.
[[0;32m  OK  [0m] Stopped irqbalance daemon.
[[0;32m  OK  [0m] Stopped Regular background program processing daemon.
[[0;32m  OK  [0m] Stopped System Logging Service.
[[0;32m  OK  [0m] Stopped Authorization Manager.
[[0;32m  OK  [0m] Stopped Serial Getty on ttyS0.
[[0;32m  OK  [0m] Stopped Getty on tty1.
[[0;32m  OK  [0m] Stopped OpenBSD Secure Shell server.
[[0;32m  OK  [0m] Stopped User Manager for UID 1000.
[[0;32m  OK  [0m] Stopped Availability of block devices.
[[0;32m  OK  [0m] Stopped D-Bus System Message Bus.
[[0;32m  OK  [0m] Stopped FUSE filesystem for LXC.
[[0;32m  OK  [0m] Stopped Session 5 of user vagrant.
[[0;32m  OK  [0m] Stopped LXD - container startup/shutdown.
[[0;32m  OK  [0m] Removed slice User Slice of vagrant.
         Stopping Login Service...
[[0;32m  OK  [0m] Removed slice system-getty.slice.
         Stopping Permit User Sessions...
[[0;32m  OK  [0m] Removed slice system-serial\x2dgetty.slice.
[[0;32m  OK  [0m] Stopped target Login Prompts (Pre).
         Stopping Network Service...
[[0;32m  OK  [0m] Stopped LSB: Record successful boot for GRUB.
[[0;32m  OK  [0m] Stopped LSB: automatic crash report generation.
[[0;32m  OK  [0m] Stopped Permit User Sessions.
[[0;32m  OK  [0m] Stopped Virtualbox guest utils.
[[0;32m  OK  [0m] Stopped target Remote File Systems.
[[0;32m  OK  [0m] Stopped Network Service.
[[0;32m  OK  [0m] Stopped target Network (Pre).
[[0;32m  OK  [0m] Stopped Login Service.
[[0;32m  OK  [0m] Stopped target User and Group Name Lookups.
[[0;32m  OK  [0m] Stopped target Basic System.
[[0;32m  OK  [0m] Stopped target Slices.
[[0;32m  OK  [0m] Stopped target Sockets.
[[0;32m  OK  [0m] Closed Socket activation for snappy daemon.
[[0;32m  OK  [0m] Closed Open-iSCSI iscsid Socket.
[[0;32m  OK  [0m] Closed LXD - unix socket.
[[0;32m  OK  [0m] Closed UUID daemon activation socket.
[[0;32m  OK  [0m] Closed Syslog Socket.
[[0;32m  OK  [0m] Closed ACPID Listen Socket.
[[0;32m  OK  [0m] Closed cloud-init hotplug hook socket.
[[0;32m  OK  [0m] Stopped target Paths.
[[0;32m  OK  [0m] Stopped ACPI Events Check.
[[0;32m  OK  [0m] Removed slice User and Session Slice.
[[0;32m  OK  [0m] Closed D-Bus System Message Bus Socket.
[[0;32m  OK  [0m] Stopped target System Initialization.
         Stopping Load/Save Random Seed...
[[0;32m  OK  [0m] Stopped Commit a transient machine-id on disk.
[[0;32m  OK  [0m] Stopped target Local Encrypted Volumes.
[[0;32m  OK  [0m] Stopped Forward Password Requests to Wall Directory Watch.
[[0;32m  OK  [0m] Stopped Dispatch Password Requests to Console Directory Watch.
         Stopping Update UTMP about System Boot/Shutdown...
[[0;32m  OK  [0m] Stopped Apply Kernel Variables.
[[0;32m  OK  [0m] Stopped Load Kernel Modules.
[[0;32m  OK  [0m] Stopped Load/Save Random Seed.
[[0;32m  OK  [0m] Stopped Update UTMP about System Boot/Shutdown.
[[0;32m  OK  [0m] Stopped Create Volatile Files and Directories.
[[0;32m  OK  [0m] Stopped target Local File Systems.
         Unmounting /run/user/1000...
         Unmounting /vagrant...
[[0;32m  OK  [0m] Stopped target Mounted snaps.
[[0;32m  OK  [0m] Stopped target Mounting snaps.
[[0;32m  OK  [0m] Unmounted /run/user/1000.
[[0;32m  OK  [0m] Unmounted /vagrant.
[[0;32m  OK  [0m] Stopped target Network is Online.
[[0;32m  OK  [0m] Stopped Initial cloud-init job (metadata service crawler).
[[0;32m  OK  [0m] Stopped Initial cloud-init job (pre-networking).
[[0;32m  OK  [0m] Stopped target Remote File Systems (Pre).
[[0;32m  OK  [0m] Reached target Unmount All Filesystems.
[[0;32m  OK  [0m] Stopped target Swap.
[[0;32m  OK  [0m] Stopped target Local File Systems (Pre).
[[0;32m  OK  [0m] Stopped Create Static Device Nodes in /dev.
         Stopping Monitoring of LVM2 mirrorsâ€¦ng dmeventd or progress polling...
[[0;32m  OK  [0m] Stopped Remount Root and Kernel File Systems.
[[0;32m  OK  [0m] Reached target Shutdown.
[[0;32m  OK  [0m] Reached target Final Step.
         Starting Power-Off...
[[0;32m  OK  [0m] Stopped Monitoring of LVM2 mirrors,â€¦sing dmeventd or progress polling.
         Stopping LVM2 metadata daemon...
[[0;32m  OK  [0m] Stopped LVM2 metadata daemon.
[   58.704736] reboot: Power down
